[2024-02-28T22:20:21.162][Info] - [Tag=ApplicationWindowCache] AttachedWindows is EMPTY and main node is no longer VALID
[2024-02-28T22:20:21.162][Info] - [Tag=ApplicationWindowCache] TryAutoRecoveryByProcessId with selector: <wnd app='uipath.studio.exe' cls='HwndWrapper*' title='UiPath Studio' pid='6652' matching:title='fuzzy' fuzzylevel:title='0.0' /> START
[2024-02-28T22:20:21.166][Info] - [Tag=ApplicationWindowCache] TryAutoRecoveryByProcessId with selector: <wnd app='uipath.studio.exe' cls='HwndWrapper*' title='UiPath Studio' pid='6652' matching:title='fuzzy' fuzzylevel:title='0.0' /> DONE with result=True
[2024-02-28T22:20:21.339][Info] - [Tag=ApplicationWindowCache] GetAttachableWindows returned 1 attachable windows
[2024-02-28T22:20:30.607][Info] - [Tag=ApplicationWindowCache] Attached to application Selector=[<wnd app='uipath.studio.exe' cls='HwndWrapper*' title='UiPath Studio' />], BrowserType=None, AutoRecovery=True, PID=896
[2024-02-28T22:20:32.368][Info] - [Tag=ApplicationWindowCache] Attached to application Selector=[<wnd app='uipath.studio.exe' cls='HwndWrapper*' title='*UiPath Studio*' />], BrowserType=None, AutoRecovery=True, PID=896
[2024-02-28T22:20:32.905][Info] - [Tag=ApplicationWindowCache] GetAttachableWindows returned 2 attachable windows
[2024-02-28T22:20:33.043][Info] - [Tag=ApplicationWindowCache] GetAttachableWindows returned 2 attachable windows
[2024-02-28T22:20:34.206][Info] - [Tag=ApplicationWindowCache] GetAttachableWindows returned 2 attachable windows
[2024-02-28T22:20:34.740][Info] - [Tag=ApplicationWindowCache] GetAttachableWindows returned 2 attachable windows
[2024-02-28T22:20:34.740][Info] - [Tag=ApplicationWindowCache] GetAttachableWindows returned 2 attachable windows
[2024-02-28T22:20:36.653][Info] - [Tag=ApplicationWindowCache] AttachedWindows is EMPTY and main node is no longer VALID
[2024-02-28T22:20:36.655][Info] - [Tag=ApplicationWindowCache] TryAutoRecoveryByProcessId with selector: <wnd app='uipath.studio.exe' cls='HwndWrapper*' title='*UiPath Studio*' pid='896' matching:title='fuzzy' fuzzylevel:title='0.0' /> START
[2024-02-28T22:20:36.805][Info] - [Tag=ApplicationWindowCache] TryAutoRecoveryByProcessId with selector: <wnd app='uipath.studio.exe' cls='HwndWrapper*' title='*UiPath Studio*' pid='896' matching:title='fuzzy' fuzzylevel:title='0.0' /> DONE with result=True
[2024-02-28T22:20:37.127][Info] - [Tag=ApplicationWindowCache] GetAttachableWindows returned 1 attachable windows
[2024-02-28T22:20:37.193][Info] - [Tag=Image.GetScreenshot][TId:11][TotalMS=40][CurrentMS=40] ::: GetScreenshot OK ({X=-8,Y=-8,Width=1936,Height=1056})
[2024-02-28T22:20:38.245][Info] - [Tag=ApplicationWindowCache] GetAttachableWindows returned 1 attachable windows
[2024-02-28T22:20:39.261][Info] - [Tag=ApplicationWindowCache] Attached to application Selector=[<wnd app='uipath.studio.exe' cls='HwndWrapper*' title='*POC*' />], BrowserType=None, AutoRecovery=True, PID=896
[2024-02-28T22:20:39.731][Info] - [Tag=ApplicationWindowCache] GetAttachableWindows returned 1 attachable windows
[2024-02-28T22:20:39.840][Info] - [Tag=ApplicationWindowCache] GetAttachableWindows returned 1 attachable windows
[2024-02-28T22:20:39.938][Info] - [Tag=ApplicationWindowCache] GetAttachableWindows returned 1 attachable windows
[2024-02-28T22:20:40.121][Info] - [Tag=ApplicationWindowCache] GetAttachableWindows returned 1 attachable windows
[2024-02-28T22:20:40.135][Info] - [Tag=ApplicationWindowCache] GetAttachableWindows returned 1 attachable windows
[2024-02-28T22:20:40.215][Info] - [Tag=Image.GetScreenshot][TId:11][TotalMS=60][CurrentMS=60] ::: GetScreenshot OK ({X=-8,Y=-8,Width=1936,Height=1056})
[2024-02-28T22:20:40.227][Info] - [Tag=CVRuntimeService] GetAsync ::: START
[2024-02-28T22:20:40.252][Info] - [Tag=ApplicationWindowCache] GetAttachableWindows returned 1 attachable windows
[2024-02-28T22:20:40.371][Info] - [Tag=ApplicationWindowCache] GetAttachableWindows returned 1 attachable windows
[2024-02-28T22:20:40.498][Info] - [Tag=ApplicationWindowCache] GetAttachableWindows returned 1 attachable windows
[2024-02-28T22:20:40.525][Info] - [Tag=CVRuntimeService] GetAsync ::: CV DONE
[2024-02-28T22:20:40.577][Info] - [Tag=CVRuntimeService] GetAsync ::: Added to CACHE
[2024-02-28T22:20:40.577][Info] - [Tag=CVRuntimeService] GetAsync ::: END
[2024-02-28T22:20:40.623][Info] - [Tag=ApplicationWindowCache] GetAttachableWindows returned 1 attachable windows
[2024-02-28T22:20:40.756][Info] - [Tag=ApplicationWindowCache] GetAttachableWindows returned 1 attachable windows
[2024-02-28T22:20:40.913][Info] - [Tag=ApplicationWindowCache] GetAttachableWindows returned 1 attachable windows
[2024-02-28T22:20:41.028][Info] - [Tag=ApplicationWindowCache] GetAttachableWindows returned 1 attachable windows
[2024-02-28T22:20:41.156][Info] - [Tag=ApplicationWindowCache] GetAttachableWindows returned 1 attachable windows
[2024-02-28T22:20:41.288][Info] - [Tag=ApplicationWindowCache] GetAttachableWindows returned 1 attachable windows
[2024-02-28T22:20:41.402][Info] - [Tag=ApplicationWindowCache] GetAttachableWindows returned 1 attachable windows
[2024-02-28T22:20:41.538][Info] - [Tag=ApplicationWindowCache] GetAttachableWindows returned 1 attachable windows
[2024-02-28T22:20:41.655][Info] - [Tag=ApplicationWindowCache] GetAttachableWindows returned 1 attachable windows
[2024-02-28T22:20:47.933][Info] - [Tag=ApplicationWindowCache] Attached to application Selector=[<wnd app='uipath.studio.exe' cls='HwndWrapper*' title='*UiPath Studio*' />], BrowserType=None, AutoRecovery=True, PID=896
[2024-02-28T22:20:48.353][Info] - [Tag=ApplicationWindowCache] GetAttachableWindows returned 1 attachable windows
[2024-02-28T22:20:48.402][Info] - [Tag=ApplicationWindowCache] Attached to application Selector=[<wnd app='uipath.studio.exe' cls='HwndWrapper*' title='*UiPath Studio*' />], BrowserType=None, AutoRecovery=True, PID=896
[2024-02-28T22:20:48.810][Info] - [Tag=ApplicationWindowCache] GetAttachableWindows returned 1 attachable windows
[2024-02-28T22:20:49.418][Info] - [Tag=ApplicationWindowCache] Attached to application Selector=[<wnd app='uipath.studio.exe' cls='#32770' title='Open' />], BrowserType=None, AutoRecovery=True, PID=896
[2024-02-28T22:20:49.919][Info] - [Tag=ApplicationWindowCache] GetAttachableWindows returned 1 attachable windows
[2024-02-28T22:20:49.949][Info] - [Tag=ApplicationWindowCache] Attached to application Selector=[<wnd app='uipath.studio.exe' cls='#32770' title='Open' />], BrowserType=None, AutoRecovery=True, PID=896
[2024-02-28T22:20:50.398][Info] - [Tag=ApplicationWindowCache] GetAttachableWindows returned 1 attachable windows
[2024-02-28T22:20:50.745][Info] - [Tag=ApplicationWindowCache] Attached to application Selector=[<wnd app='uipath.studio.exe' cls='#32770' title='Open' />], BrowserType=None, AutoRecovery=True, PID=896
[2024-02-28T22:20:51.168][Info] - [Tag=ApplicationWindowCache] GetAttachableWindows returned 1 attachable windows
[2024-02-28T22:20:52.986][Info] - [Tag=ApplicationWindowCache] Attached to application Selector=[<wnd app='uipath.studio.exe' cls='HwndWrapper*' title='*POC*- UiPath Studio' />], BrowserType=None, AutoRecovery=True, PID=896
[2024-02-28T22:20:53.478][Info] - [Tag=ApplicationWindowCache] GetAttachableWindows returned 1 attachable windows
[2024-02-28T22:20:54.289][Info] - [Tag=ApplicationWindowCache] Attached to application Selector=[<wnd app='uipath.studio.exe' cls='HwndWrapper*' title='*POC*- UiPath Studio' />], BrowserType=None, AutoRecovery=True, PID=896
[2024-02-28T22:20:54.773][Info] - [Tag=ApplicationWindowCache] GetAttachableWindows returned 1 attachable windows
[2024-02-28T22:20:54.977][Info] - [Tag=ApplicationWindowCache] GetAttachableWindows returned 1 attachable windows
[2024-02-28T22:20:55.189][Info] - [Tag=ApplicationWindowCache] GetAttachableWindows returned 1 attachable windows
[2024-02-28T22:20:55.401][Info] - [Tag=ApplicationWindowCache] GetAttachableWindows returned 1 attachable windows
[2024-02-28T22:20:55.623][Info] - [Tag=ApplicationWindowCache] GetAttachableWindows returned 1 attachable windows
[2024-02-28T22:20:56.031][Info] - [Tag=ApplicationWindowCache] GetAttachableWindows returned 1 attachable windows
[2024-02-28T22:20:56.515][Info] - [Tag=ApplicationWindowCache] GetAttachableWindows returned 1 attachable windows
[2024-02-28T22:20:56.822][Info] - [Tag=ApplicationWindowCache] GetAttachableWindows returned 1 attachable windows
[2024-02-28T22:20:57.048][Info] - [Tag=ApplicationWindowCache] GetAttachableWindows returned 1 attachable windows
[2024-02-28T22:20:57.277][Info] - [Tag=ApplicationWindowCache] GetAttachableWindows returned 1 attachable windows
[2024-02-28T22:20:57.499][Info] - [Tag=ApplicationWindowCache] GetAttachableWindows returned 1 attachable windows
[2024-02-28T22:20:57.752][Info] - [Tag=ApplicationWindowCache] GetAttachableWindows returned 1 attachable windows
[2024-02-28T22:20:57.989][Info] - [Tag=ApplicationWindowCache] GetAttachableWindows returned 1 attachable windows
[2024-02-28T22:20:58.223][Info] - [Tag=ApplicationWindowCache] GetAttachableWindows returned 1 attachable windows
[2024-02-28T22:20:58.571][Info] - [Tag=ApplicationWindowCache] GetAttachableWindows returned 1 attachable windows
[2024-02-28T22:20:59.218][Info] - [Tag=ApplicationWindowCache] GetAttachableWindows returned 1 attachable windows
[2024-02-28T22:20:59.358][Info] - [Tag=ApplicationWindowCache] GetAttachableWindows returned 1 attachable windows
[2024-02-28T22:21:00.438][Info] - [Tag=ApplicationWindowCache] AttachedWindows is EMPTY and main node is no longer VALID
[2024-02-28T22:21:00.439][Info] - [Tag=ApplicationWindowCache] TryAutoRecoveryByProcessId with selector: <wnd app='uipath.studio.exe' cls='HwndWrapper*' title='*POC*- UiPath Studio' pid='896' matching:title='fuzzy' fuzzylevel:title='0.0' /> START
[2024-02-28T22:21:00.456][Info] - [Tag=ApplicationWindowCache] TryAutoRecoveryByProcessId with selector: <wnd app='uipath.studio.exe' cls='HwndWrapper*' title='*POC*- UiPath Studio' pid='896' matching:title='fuzzy' fuzzylevel:title='0.0' /> DONE with result=True
[2024-02-28T22:21:00.588][Info] - [Tag=ApplicationWindowCache] GetAttachableWindows returned 1 attachable windows
[2024-02-28T22:21:06.808][Info] - [Tag=ApplicationWindowCache] Attached to application Selector=[<wnd app='uipath.studio.exe' cls='HwndWrapper*' title='*POC*' />], BrowserType=None, AutoRecovery=True, PID=896
[2024-02-28T22:21:10.021][Info] - [Tag=ApplicationWindowCache] GetAttachableWindows returned 1 attachable windows
[2024-02-28T22:21:10.561][Info] - [Tag=ApplicationWindowCache] Attached to application Selector=[<wnd app='uipath.studio.exe' cls='HwndWrapper*' title='*POC*' />], BrowserType=None, AutoRecovery=True, PID=896
[2024-02-28T22:21:11.211][Info] - [Tag=ApplicationWindowCache] GetAttachableWindows returned 1 attachable windows
[2024-02-28T22:21:11.874][Info] - [Tag=ApplicationWindowCache] GetAttachableWindows returned 1 attachable windows
[2024-02-28T22:21:12.164][Info] - [Tag=ApplicationWindowCache] Attached to application Selector=[<wnd app='uipath.studio.exe' cls='HwndWrapper*' title='*POC*' />], BrowserType=None, AutoRecovery=True, PID=896
[2024-02-28T22:21:12.786][Info] - [Tag=ApplicationWindowCache] GetAttachableWindows returned 1 attachable windows
[2024-02-28T22:21:13.089][Info] - [Tag=ApplicationWindowCache] Attached to application Selector=[<wnd app='uipath.studio.exe' cls='HwndWrapper*' title='*POC*' />], BrowserType=None, AutoRecovery=True, PID=896
[2024-02-28T22:21:13.693][Info] - [Tag=ApplicationWindowCache] GetAttachableWindows returned 1 attachable windows
[2024-02-28T22:21:14.220][Info] - [Tag=ApplicationWindowCache] Attached to application Selector=[<wnd app='uipath.studio.exe' cls='HwndWrapper*' title='*POC*' />], BrowserType=None, AutoRecovery=True, PID=896
[2024-02-28T22:21:15.297][Info] - [Tag=ApplicationWindowCache] GetAttachableWindows returned 1 attachable windows
[2024-02-28T22:21:16.700][Info] - [Tag=ApplicationWindowCache] GetAttachableWindows returned 1 attachable windows
[2024-02-28T22:21:16.860][Info] - [Tag=ApplicationWindowCache] GetAttachableWindows returned 1 attachable windows
[2024-02-28T22:21:17.748][Info] - [Tag=ApplicationWindowCache] Attached to application Selector=[<wnd app='uipath.studio.exe' cls='HwndWrapper*' title='*POC*' />], BrowserType=None, AutoRecovery=True, PID=896
[2024-02-28T22:21:18.340][Info] - [Tag=ApplicationWindowCache] GetAttachableWindows returned 1 attachable windows
[2024-02-28T22:21:18.402][Info] - [Tag=ApplicationWindowCache] Attached to application Selector=[<wnd app='uipath.studio.exe' cls='HwndWrapper*' title='*POC*' />], BrowserType=None, AutoRecovery=True, PID=896
[2024-02-28T22:21:18.944][Info] - [Tag=ApplicationWindowCache] GetAttachableWindows returned 1 attachable windows
[2024-02-28T22:21:19.925][Info] - [Tag=ApplicationWindowCache] Attached to application Selector=[<wnd app='uipath.studio.exe' cls='HwndWrapper*' title='*POC*' />], BrowserType=None, AutoRecovery=True, PID=896
[2024-02-28T22:21:20.718][Info] - [Tag=ApplicationWindowCache] GetAttachableWindows returned 2 attachable windows
[2024-02-28T22:21:21.326][Info] - [Tag=ApplicationWindowCache] GetAttachableWindows returned 2 attachable windows
[2024-02-28T22:21:21.604][Info] - [Tag=ApplicationWindowCache] GetAttachableWindows returned 2 attachable windows
[2024-02-28T22:21:22.186][Info] - [Tag=ApplicationWindowCache] GetAttachableWindows returned 2 attachable windows
[2024-02-28T22:21:22.801][Info] - [Tag=ApplicationWindowCache] GetAttachableWindows returned 2 attachable windows
[2024-02-28T22:21:23.412][Info] - [Tag=ApplicationWindowCache] GetAttachableWindows returned 2 attachable windows
[2024-02-28T22:21:23.987][Info] - [Tag=ApplicationWindowCache] GetAttachableWindows returned 2 attachable windows
[2024-02-28T22:21:24.586][Info] - [Tag=ApplicationWindowCache] GetAttachableWindows returned 2 attachable windows
[2024-02-28T22:21:25.196][Info] - [Tag=ApplicationWindowCache] GetAttachableWindows returned 2 attachable windows
[2024-02-28T22:21:25.952][Info] - [Tag=ApplicationWindowCache] GetAttachableWindows returned 2 attachable windows
[2024-02-28T22:21:26.590][Info] - [Tag=ApplicationWindowCache] GetAttachableWindows returned 2 attachable windows
[2024-02-28T22:21:27.221][Info] - [Tag=ApplicationWindowCache] GetAttachableWindows returned 2 attachable windows
[2024-02-28T22:21:27.992][Info] - [Tag=ApplicationWindowCache] GetAttachableWindows returned 2 attachable windows
[2024-02-28T22:21:28.666][Info] - [Tag=ApplicationWindowCache] GetAttachableWindows returned 1 attachable windows
[2024-02-28T22:21:28.859][Info] - [Tag=ApplicationWindowCache] GetAttachableWindows returned 1 attachable windows
[2024-02-28T22:21:29.342][Info] - [Tag=ApplicationWindowCache] GetAttachableWindows returned 1 attachable windows
[2024-02-28T22:21:29.858][Info] - [Tag=ApplicationWindowCache] GetAttachableWindows returned 1 attachable windows
[2024-02-28T22:21:30.587][Info] - [Tag=ApplicationWindowCache] GetAttachableWindows returned 1 attachable windows
[2024-02-28T22:21:31.913][Info] - [Tag=ApplicationWindowCache] Attached to application Selector=[<wnd app='uipath.studio.exe' cls='HwndWrapper*' title='*POC*' />], BrowserType=None, AutoRecovery=True, PID=896
[2024-02-28T22:21:32.572][Info] - [Tag=ApplicationWindowCache] GetAttachableWindows returned 1 attachable windows
[2024-02-28T22:21:33.550][Info] - [Tag=ApplicationWindowCache] GetAttachableWindows returned 1 attachable windows
[2024-02-28T22:21:33.756][Info] - [Tag=ApplicationWindowCache] GetAttachableWindows returned 1 attachable windows
[2024-02-28T22:21:35.488][Info] - [Tag=ApplicationWindowCache] GetAttachableWindows returned 1 attachable windows
[2024-02-28T22:21:36.307][Info] - [Tag=ApplicationWindowCache] Attached to application Selector=[<wnd app='uipath.studio.exe' cls='HwndWrapper*' title='*POC*' />], BrowserType=None, AutoRecovery=True, PID=896
[2024-02-28T22:21:36.921][Info] - [Tag=ApplicationWindowCache] GetAttachableWindows returned 1 attachable windows
[2024-02-28T22:21:37.367][Info] - [Tag=ApplicationWindowCache] GetAttachableWindows returned 1 attachable windows
[2024-02-28T22:21:38.265][Info] - [Tag=ApplicationWindowCache] Attached to application Selector=[<wnd app='uipath.studio.exe' cls='HwndWrapper*' title='*POC*' />], BrowserType=None, AutoRecovery=True, PID=896
[2024-02-28T22:21:38.859][Info] - [Tag=ApplicationWindowCache] GetAttachableWindows returned 1 attachable windows
[2024-02-28T22:21:39.275][Info] - [Tag=ApplicationWindowCache] GetAttachableWindows returned 1 attachable windows
[2024-02-28T22:21:40.124][Info] - [Tag=ApplicationWindowCache] Attached to application Selector=[<wnd app='uipath.studio.exe' cls='HwndWrapper*' title='*POC*' />], BrowserType=None, AutoRecovery=True, PID=896
[2024-02-28T22:21:40.683][Info] - [Tag=ApplicationWindowCache] GetAttachableWindows returned 1 attachable windows
[2024-02-28T22:21:41.078][Info] - [Tag=ApplicationWindowCache] GetAttachableWindows returned 1 attachable windows
[2024-02-28T22:21:41.882][Info] - [Tag=ApplicationWindowCache] Attached to application Selector=[<wnd app='uipath.studio.exe' cls='HwndWrapper*' title='*POC*' />], BrowserType=None, AutoRecovery=True, PID=896
[2024-02-28T22:21:42.454][Info] - [Tag=ApplicationWindowCache] GetAttachableWindows returned 1 attachable windows
[2024-02-28T22:21:42.875][Info] - [Tag=ApplicationWindowCache] GetAttachableWindows returned 1 attachable windows
[2024-02-28T22:21:44.015][Info] - [Tag=ApplicationWindowCache] Attached to application Selector=[<wnd app='uipath.studio.exe' cls='HwndWrapper*' title='*POC*' />], BrowserType=None, AutoRecovery=True, PID=896
[2024-02-28T22:21:44.559][Info] - [Tag=ApplicationWindowCache] GetAttachableWindows returned 1 attachable windows
[2024-02-28T22:21:45.027][Info] - [Tag=ApplicationWindowCache] GetAttachableWindows returned 1 attachable windows
[2024-02-28T22:21:45.903][Info] - [Tag=ApplicationWindowCache] Attached to application Selector=[<wnd app='uipath.studio.exe' cls='HwndWrapper*' title='*POC*' />], BrowserType=None, AutoRecovery=True, PID=896
[2024-02-28T22:21:46.457][Info] - [Tag=ApplicationWindowCache] GetAttachableWindows returned 1 attachable windows
[2024-02-28T22:21:46.879][Info] - [Tag=ApplicationWindowCache] GetAttachableWindows returned 1 attachable windows
[2024-02-28T22:21:47.716][Info] - [Tag=ApplicationWindowCache] Attached to application Selector=[<wnd app='uipath.studio.exe' cls='HwndWrapper*' title='*POC*' />], BrowserType=None, AutoRecovery=True, PID=896
[2024-02-28T22:21:48.249][Info] - [Tag=ApplicationWindowCache] GetAttachableWindows returned 1 attachable windows
[2024-02-28T22:21:48.672][Info] - [Tag=ApplicationWindowCache] GetAttachableWindows returned 1 attachable windows
[2024-02-28T22:21:49.492][Info] - [Tag=ApplicationWindowCache] Attached to application Selector=[<wnd app='uipath.studio.exe' cls='HwndWrapper*' title='*POC*' />], BrowserType=None, AutoRecovery=True, PID=896
[2024-02-28T22:21:50.038][Info] - [Tag=ApplicationWindowCache] GetAttachableWindows returned 1 attachable windows
[2024-02-28T22:21:50.122][Info] - [Tag=ApplicationWindowCache] Attached to application Selector=[<wnd app='uipath.studio.exe' cls='HwndWrapper*' title='*POC*' />], BrowserType=None, AutoRecovery=True, PID=896
[2024-02-28T22:21:50.659][Info] - [Tag=ApplicationWindowCache] GetAttachableWindows returned 1 attachable windows
[2024-02-28T22:21:51.526][Info] - [Tag=ApplicationWindowCache] Attached to application Selector=[<wnd app='uipath.studio.exe' cls='HwndWrapper*' title='*POC*' />], BrowserType=None, AutoRecovery=True, PID=896
[2024-02-28T22:21:52.110][Info] - [Tag=ApplicationWindowCache] GetAttachableWindows returned 1 attachable windows
[2024-02-28T22:21:52.189][Info] - [Tag=ApplicationWindowCache] Attached to application Selector=[<wnd app='uipath.studio.exe' cls='HwndWrapper*' title='*POC*' />], BrowserType=None, AutoRecovery=True, PID=896
[2024-02-28T22:21:52.725][Info] - [Tag=ApplicationWindowCache] GetAttachableWindows returned 1 attachable windows
[2024-02-28T22:21:53.479][Info] - [Tag=ApplicationWindowCache] Attached to application Selector=[<wnd app='uipath.studio.exe' cls='HwndWrapper*' title='*POC*' />], BrowserType=None, AutoRecovery=True, PID=896
[2024-02-28T22:21:54.034][Info] - [Tag=ApplicationWindowCache] GetAttachableWindows returned 1 attachable windows
[2024-02-28T22:21:54.118][Info] - [Tag=ApplicationWindowCache] Attached to application Selector=[<wnd app='uipath.studio.exe' cls='HwndWrapper*' title='*POC*' />], BrowserType=None, AutoRecovery=True, PID=896
[2024-02-28T22:21:54.644][Info] - [Tag=ApplicationWindowCache] GetAttachableWindows returned 1 attachable windows
[2024-02-28T22:21:55.448][Info] - [Tag=ApplicationWindowCache] Attached to application Selector=[<wnd app='uipath.studio.exe' cls='HwndWrapper*' title='*POC*' />], BrowserType=None, AutoRecovery=True, PID=896
[2024-02-28T22:21:56.003][Info] - [Tag=ApplicationWindowCache] GetAttachableWindows returned 1 attachable windows
[2024-02-28T22:21:56.095][Info] - [Tag=ApplicationWindowCache] Attached to application Selector=[<wnd app='uipath.studio.exe' cls='HwndWrapper*' title='*POC*' />], BrowserType=None, AutoRecovery=True, PID=896
[2024-02-28T22:21:56.618][Info] - [Tag=ApplicationWindowCache] GetAttachableWindows returned 1 attachable windows
[2024-02-28T22:21:57.579][Info] - [Tag=ApplicationWindowCache] Attached to application Selector=[<wnd app='uipath.studio.exe' cls='HwndWrapper*' title='*POC*' />], BrowserType=None, AutoRecovery=True, PID=896
[2024-02-28T22:21:58.106][Info] - [Tag=ApplicationWindowCache] GetAttachableWindows returned 1 attachable windows
[2024-02-28T22:21:58.513][Info] - [Tag=ApplicationWindowCache] GetAttachableWindows returned 1 attachable windows
[2024-02-28T22:21:59.288][Info] - [Tag=ApplicationWindowCache] Attached to application Selector=[<wnd app='uipath.studio.exe' cls='HwndWrapper*' title='*POC*' />], BrowserType=None, AutoRecovery=True, PID=896
[2024-02-28T22:21:59.839][Info] - [Tag=ApplicationWindowCache] GetAttachableWindows returned 1 attachable windows
[2024-02-28T22:22:00.430][Info] - [Tag=ApplicationWindowCache] Attached to application Selector=[<wnd app='uipath.studio.exe' cls='HwndWrapper*' title='*POC*' />], BrowserType=None, AutoRecovery=True, PID=896
[2024-02-28T22:22:01.170][Info] - [Tag=ApplicationWindowCache] GetAttachableWindows returned 2 attachable windows
[2024-02-28T22:22:01.946][Info] - [Tag=ApplicationWindowCache] Attached to application Selector=[<wnd app='uipath.studio.exe' cls='HwndWrapper*' title='*POC*' />], BrowserType=None, AutoRecovery=True, PID=896
[2024-02-28T22:22:02.484][Info] - [Tag=ApplicationWindowCache] GetAttachableWindows returned 1 attachable windows
[2024-02-28T22:22:02.882][Info] - [Tag=ApplicationWindowCache] GetAttachableWindows returned 1 attachable windows
[2024-02-28T22:22:03.974][Info] - [Tag=ApplicationWindowCache] Attached to application Selector=[<wnd app='uipath.studio.exe' cls='HwndWrapper*' title='*POC*' />], BrowserType=None, AutoRecovery=True, PID=896
[2024-02-28T22:22:04.539][Info] - [Tag=ApplicationWindowCache] GetAttachableWindows returned 1 attachable windows
[2024-02-28T22:22:05.311][Info] - [Tag=ApplicationWindowCache] Attached to application Selector=[<wnd app='uipath.studio.exe' cls='HwndWrapper*' title='*POC*' />], BrowserType=None, AutoRecovery=True, PID=896
[2024-02-28T22:22:05.836][Info] - [Tag=ApplicationWindowCache] GetAttachableWindows returned 1 attachable windows
[2024-02-28T22:22:06.251][Info] - [Tag=ApplicationWindowCache] GetAttachableWindows returned 1 attachable windows
[2024-02-28T22:22:06.999][Info] - [Tag=ApplicationWindowCache] Attached to application Selector=[<wnd app='uipath.studio.exe' cls='HwndWrapper*' title='*POC*' />], BrowserType=None, AutoRecovery=True, PID=896
[2024-02-28T22:22:07.526][Info] - [Tag=ApplicationWindowCache] GetAttachableWindows returned 1 attachable windows
[2024-02-28T22:22:08.084][Info] - [Tag=ApplicationWindowCache] Attached to application Selector=[<wnd app='uipath.studio.exe' cls='HwndWrapper*' title='*POC*' />], BrowserType=None, AutoRecovery=True, PID=896
[2024-02-28T22:22:08.790][Info] - [Tag=ApplicationWindowCache] GetAttachableWindows returned 2 attachable windows
[2024-02-28T22:22:09.522][Info] - [Tag=ApplicationWindowCache] Attached to application Selector=[<wnd app='uipath.studio.exe' cls='HwndWrapper*' title='*POC*' />], BrowserType=None, AutoRecovery=True, PID=896
[2024-02-28T22:22:10.044][Info] - [Tag=ApplicationWindowCache] GetAttachableWindows returned 1 attachable windows
[2024-02-28T22:22:10.445][Info] - [Tag=ApplicationWindowCache] GetAttachableWindows returned 1 attachable windows
[2024-02-28T22:22:11.400][Info] - [Tag=ApplicationWindowCache] Attached to application Selector=[<wnd app='uipath.studio.exe' cls='HwndWrapper*' title='*POC*' />], BrowserType=None, AutoRecovery=True, PID=896
[2024-02-28T22:22:11.928][Info] - [Tag=ApplicationWindowCache] GetAttachableWindows returned 1 attachable windows
[2024-02-28T22:22:12.701][Info] - [Tag=ApplicationWindowCache] Attached to application Selector=[<wnd app='uipath.studio.exe' cls='HwndWrapper*' title='*POC*' />], BrowserType=None, AutoRecovery=True, PID=896
[2024-02-28T22:22:13.241][Info] - [Tag=ApplicationWindowCache] GetAttachableWindows returned 1 attachable windows
[2024-02-28T22:22:13.645][Info] - [Tag=ApplicationWindowCache] GetAttachableWindows returned 1 attachable windows
[2024-02-28T22:22:14.395][Info] - [Tag=ApplicationWindowCache] Attached to application Selector=[<wnd app='uipath.studio.exe' cls='HwndWrapper*' title='*POC*' />], BrowserType=None, AutoRecovery=True, PID=896
[2024-02-28T22:22:14.917][Info] - [Tag=ApplicationWindowCache] GetAttachableWindows returned 1 attachable windows
[2024-02-28T22:22:15.784][Info] - [Tag=ApplicationWindowCache] Attached to application Selector=[<wnd app='uipath.studio.exe' cls='HwndWrapper*' title='*POC*' />], BrowserType=None, AutoRecovery=True, PID=896
[2024-02-28T22:22:16.304][Info] - [Tag=ApplicationWindowCache] GetAttachableWindows returned 1 attachable windows
[2024-02-28T22:22:16.707][Info] - [Tag=ApplicationWindowCache] GetAttachableWindows returned 1 attachable windows
[2024-02-28T22:22:17.541][Info] - [Tag=ApplicationWindowCache] Attached to application Selector=[<wnd app='uipath.studio.exe' cls='HwndWrapper*' title='*POC*' />], BrowserType=None, AutoRecovery=True, PID=896
[2024-02-28T22:22:18.077][Info] - [Tag=ApplicationWindowCache] GetAttachableWindows returned 1 attachable windows
[2024-02-28T22:22:19.026][Info] - [Tag=ApplicationWindowCache] Attached to application Selector=[<wnd app='uipath.studio.exe' cls='HwndWrapper*' title='*POC*' />], BrowserType=None, AutoRecovery=True, PID=896
[2024-02-28T22:22:19.551][Info] - [Tag=ApplicationWindowCache] GetAttachableWindows returned 1 attachable windows
[2024-02-28T22:22:19.960][Info] - [Tag=ApplicationWindowCache] GetAttachableWindows returned 1 attachable windows
[2024-02-28T22:22:20.694][Info] - [Tag=ApplicationWindowCache] Attached to application Selector=[<wnd app='uipath.studio.exe' cls='HwndWrapper*' title='*POC*' />], BrowserType=None, AutoRecovery=True, PID=896
[2024-02-28T22:22:21.248][Info] - [Tag=ApplicationWindowCache] GetAttachableWindows returned 1 attachable windows
[2024-02-28T22:22:22.195][Info] - [Tag=ApplicationWindowCache] GetAttachableWindows returned 1 attachable windows
[2024-02-28T22:22:23.346][Info] - [Tag=ApplicationWindowCache] Attached to application Selector=[<wnd app='uipath.studio.exe' cls='HwndWrapper*' title='*POC*' />], BrowserType=None, AutoRecovery=True, PID=896
[2024-02-28T22:22:23.934][Info] - [Tag=ApplicationWindowCache] GetAttachableWindows returned 1 attachable windows
[2024-02-28T22:22:24.180][Info] - [Tag=ApplicationWindowCache] GetAttachableWindows returned 1 attachable windows
[2024-02-28T22:22:24.356][Info] - [Tag=ApplicationWindowCache] GetAttachableWindows returned 1 attachable windows
[2024-02-28T22:22:24.583][Info] - [Tag=ApplicationWindowCache] GetAttachableWindows returned 1 attachable windows
[2024-02-28T22:22:24.827][Info] - [Tag=ApplicationWindowCache] GetAttachableWindows returned 1 attachable windows
[2024-02-28T22:22:25.612][Info] - [Tag=ApplicationWindowCache] Attached to application Selector=[<wnd app='uipath.studio.exe' cls='HwndWrapper*' title='*POC*' />], BrowserType=None, AutoRecovery=True, PID=896
[2024-02-28T22:22:26.150][Info] - [Tag=ApplicationWindowCache] GetAttachableWindows returned 1 attachable windows
[2024-02-28T22:22:26.560][Info] - [Tag=ApplicationWindowCache] GetAttachableWindows returned 1 attachable windows
[2024-02-28T22:22:27.367][Info] - [Tag=ApplicationWindowCache] Attached to application Selector=[<wnd app='uipath.studio.exe' cls='HwndWrapper*' title='*POC*' />], BrowserType=None, AutoRecovery=True, PID=896
[2024-02-28T22:22:27.901][Info] - [Tag=ApplicationWindowCache] GetAttachableWindows returned 1 attachable windows
[2024-02-28T22:22:29.217][Info] - [Tag=ApplicationWindowCache] GetAttachableWindows returned 1 attachable windows
[2024-02-28T22:22:29.970][Info] - [Tag=ApplicationWindowCache] GetAttachableWindows returned 1 attachable windows
[2024-02-28T22:22:31.300][Info] - [Tag=ApplicationWindowCache] GetAttachableWindows returned 1 attachable windows
[2024-02-28T22:22:31.896][Info] - [Tag=ApplicationWindowCache] Attached to application Selector=[<wnd app='uipath.studio.exe' cls='HwndWrapper*' title='*POC*' />], BrowserType=None, AutoRecovery=True, PID=896
[2024-02-28T22:22:32.478][Info] - [Tag=ApplicationWindowCache] GetAttachableWindows returned 1 attachable windows
[2024-02-28T22:22:33.256][Info] - [Tag=ApplicationWindowCache] Attached to application Selector=[<wnd app='uipath.studio.exe' cls='HwndWrapper*' title='*POC*' />], BrowserType=None, AutoRecovery=True, PID=896
[2024-02-28T22:22:33.813][Info] - [Tag=ApplicationWindowCache] GetAttachableWindows returned 1 attachable windows
[2024-02-28T22:22:34.239][Info] - [Tag=ApplicationWindowCache] GetAttachableWindows returned 1 attachable windows
[2024-02-28T22:22:35.000][Info] - [Tag=ApplicationWindowCache] Attached to application Selector=[<wnd app='uipath.studio.exe' cls='HwndWrapper*' title='*POC*' />], BrowserType=None, AutoRecovery=True, PID=896
[2024-02-28T22:22:35.586][Info] - [Tag=ApplicationWindowCache] GetAttachableWindows returned 1 attachable windows
[2024-02-28T22:22:36.411][Info] - [Tag=ApplicationWindowCache] Attached to application Selector=[<wnd app='uipath.studio.exe' cls='HwndWrapper*' title='*POC*' />], BrowserType=None, AutoRecovery=True, PID=896
[2024-02-28T22:22:36.968][Info] - [Tag=ApplicationWindowCache] GetAttachableWindows returned 1 attachable windows
[2024-02-28T22:22:37.380][Info] - [Tag=ApplicationWindowCache] GetAttachableWindows returned 1 attachable windows
[2024-02-28T22:22:38.156][Info] - [Tag=ApplicationWindowCache] Attached to application Selector=[<wnd app='uipath.studio.exe' cls='HwndWrapper*' title='*POC*' />], BrowserType=None, AutoRecovery=True, PID=896
[2024-02-28T22:22:38.714][Info] - [Tag=ApplicationWindowCache] GetAttachableWindows returned 1 attachable windows
[2024-02-28T22:22:40.409][Info] - [Tag=ApplicationWindowCache] GetAttachableWindows returned 1 attachable windows
[2024-02-28T22:22:41.164][Info] - [Tag=ApplicationWindowCache] GetAttachableWindows returned 1 attachable windows
[2024-02-28T22:22:43.222][Info] - [Tag=ApplicationWindowCache] GetAttachableWindows returned 1 attachable windows
[2024-02-28T22:22:43.919][Info] - [Tag=ApplicationWindowCache] Attached to application Selector=[<wnd app='uipath.studio.exe' cls='HwndWrapper*' title='*POC*' />], BrowserType=None, AutoRecovery=True, PID=896
[2024-02-28T22:22:44.497][Info] - [Tag=ApplicationWindowCache] GetAttachableWindows returned 1 attachable windows
[2024-02-28T22:22:45.266][Info] - [Tag=ApplicationWindowCache] Attached to application Selector=[<wnd app='uipath.studio.exe' cls='HwndWrapper*' title='*POC*' />], BrowserType=None, AutoRecovery=True, PID=896
[2024-02-28T22:22:45.829][Info] - [Tag=ApplicationWindowCache] GetAttachableWindows returned 1 attachable windows
[2024-02-28T22:22:46.276][Info] - [Tag=ApplicationWindowCache] GetAttachableWindows returned 1 attachable windows
[2024-02-28T22:22:47.132][Info] - [Tag=ApplicationWindowCache] Attached to application Selector=[<wnd app='uipath.studio.exe' cls='HwndWrapper*' title='*POC*' />], BrowserType=None, AutoRecovery=True, PID=896
[2024-02-28T22:22:47.726][Info] - [Tag=ApplicationWindowCache] GetAttachableWindows returned 1 attachable windows
[2024-02-28T22:22:48.557][Info] - [Tag=ApplicationWindowCache] Attached to application Selector=[<wnd app='uipath.studio.exe' cls='HwndWrapper*' title='*POC*' />], BrowserType=None, AutoRecovery=True, PID=896
[2024-02-28T22:22:49.122][Info] - [Tag=ApplicationWindowCache] GetAttachableWindows returned 1 attachable windows
[2024-02-28T22:22:49.541][Info] - [Tag=ApplicationWindowCache] GetAttachableWindows returned 1 attachable windows
[2024-02-28T22:22:50.401][Info] - [Tag=ApplicationWindowCache] Attached to application Selector=[<wnd app='uipath.studio.exe' cls='HwndWrapper*' title='*POC*' />], BrowserType=None, AutoRecovery=True, PID=896
[2024-02-28T22:22:50.985][Info] - [Tag=ApplicationWindowCache] GetAttachableWindows returned 1 attachable windows
[2024-02-28T22:22:51.994][Info] - [Tag=ApplicationWindowCache] Attached to application Selector=[<wnd app='uipath.studio.exe' cls='HwndWrapper*' title='*POC*' />], BrowserType=None, AutoRecovery=True, PID=896
[2024-02-28T22:22:52.546][Info] - [Tag=ApplicationWindowCache] GetAttachableWindows returned 1 attachable windows
[2024-02-28T22:22:52.795][Info] - [Tag=ApplicationWindowCache] GetAttachableWindows returned 1 attachable windows
[2024-02-28T22:22:52.965][Info] - [Tag=ApplicationWindowCache] GetAttachableWindows returned 1 attachable windows
[2024-02-28T22:22:53.207][Info] - [Tag=ApplicationWindowCache] GetAttachableWindows returned 1 attachable windows
[2024-02-28T22:22:53.468][Info] - [Tag=ApplicationWindowCache] GetAttachableWindows returned 1 attachable windows
[2024-02-28T22:22:53.729][Info] - [Tag=ApplicationWindowCache] GetAttachableWindows returned 1 attachable windows
[2024-02-28T22:22:53.979][Info] - [Tag=ApplicationWindowCache] GetAttachableWindows returned 1 attachable windows
[2024-02-28T22:22:54.217][Info] - [Tag=ApplicationWindowCache] GetAttachableWindows returned 1 attachable windows
[2024-02-28T22:22:54.479][Info] - [Tag=ApplicationWindowCache] GetAttachableWindows returned 1 attachable windows
[2024-02-28T22:22:54.734][Info] - [Tag=ApplicationWindowCache] GetAttachableWindows returned 1 attachable windows
[2024-02-28T22:22:54.985][Info] - [Tag=ApplicationWindowCache] GetAttachableWindows returned 1 attachable windows
[2024-02-28T22:22:55.239][Info] - [Tag=ApplicationWindowCache] GetAttachableWindows returned 1 attachable windows
[2024-02-28T22:22:55.483][Info] - [Tag=ApplicationWindowCache] GetAttachableWindows returned 1 attachable windows
[2024-02-28T22:22:55.734][Info] - [Tag=ApplicationWindowCache] GetAttachableWindows returned 1 attachable windows
[2024-02-28T22:22:55.995][Info] - [Tag=ApplicationWindowCache] GetAttachableWindows returned 1 attachable windows
[2024-02-28T22:22:56.258][Info] - [Tag=ApplicationWindowCache] GetAttachableWindows returned 1 attachable windows
[2024-02-28T22:22:56.517][Info] - [Tag=ApplicationWindowCache] GetAttachableWindows returned 1 attachable windows
[2024-02-28T22:22:56.775][Info] - [Tag=ApplicationWindowCache] GetAttachableWindows returned 1 attachable windows
[2024-02-28T22:22:57.027][Info] - [Tag=ApplicationWindowCache] GetAttachableWindows returned 1 attachable windows
[2024-02-28T22:22:57.293][Info] - [Tag=ApplicationWindowCache] GetAttachableWindows returned 1 attachable windows
[2024-02-28T22:22:57.531][Info] - [Tag=ApplicationWindowCache] GetAttachableWindows returned 1 attachable windows
[2024-02-28T22:22:57.782][Info] - [Tag=ApplicationWindowCache] GetAttachableWindows returned 1 attachable windows
[2024-02-28T22:22:58.041][Info] - [Tag=ApplicationWindowCache] GetAttachableWindows returned 1 attachable windows
[2024-02-28T22:22:58.311][Info] - [Tag=ApplicationWindowCache] GetAttachableWindows returned 1 attachable windows
[2024-02-28T22:22:58.570][Info] - [Tag=ApplicationWindowCache] GetAttachableWindows returned 1 attachable windows
[2024-02-28T22:22:58.813][Info] - [Tag=ApplicationWindowCache] GetAttachableWindows returned 1 attachable windows
[2024-02-28T22:22:59.050][Info] - [Tag=ApplicationWindowCache] GetAttachableWindows returned 1 attachable windows
[2024-02-28T22:22:59.320][Info] - [Tag=ApplicationWindowCache] GetAttachableWindows returned 1 attachable windows
[2024-02-28T22:22:59.567][Info] - [Tag=ApplicationWindowCache] GetAttachableWindows returned 1 attachable windows
[2024-02-28T22:22:59.803][Info] - [Tag=ApplicationWindowCache] GetAttachableWindows returned 1 attachable windows
[2024-02-28T22:23:00.056][Info] - [Tag=ApplicationWindowCache] GetAttachableWindows returned 1 attachable windows
[2024-02-28T22:23:00.433][Info] - [Tag=ApplicationWindowCache] GetAttachableWindows returned 1 attachable windows
[2024-02-28T22:23:01.248][Info] - [Tag=ApplicationWindowCache] Attached to application Selector=[<wnd app='uipath.studio.exe' cls='HwndWrapper*' title='*POC*' />], BrowserType=None, AutoRecovery=True, PID=896
[2024-02-28T22:23:01.773][Info] - [Tag=ApplicationWindowCache] GetAttachableWindows returned 1 attachable windows
[2024-02-28T22:23:02.742][Info] - [Tag=ApplicationWindowCache] Attached to application Selector=[<wnd app='uipath.studio.exe' cls='HwndWrapper*' title='*POC*' />], BrowserType=None, AutoRecovery=True, PID=896
[2024-02-28T22:23:03.284][Info] - [Tag=ApplicationWindowCache] GetAttachableWindows returned 1 attachable windows
[2024-02-28T22:23:03.362][Info] - [Tag=ApplicationWindowCache] Attached to application Selector=[<wnd app='uipath.studio.exe' cls='HwndWrapper*' title='*POC*' />], BrowserType=None, AutoRecovery=True, PID=896
[2024-02-28T22:23:03.891][Info] - [Tag=ApplicationWindowCache] GetAttachableWindows returned 1 attachable windows
[2024-02-28T22:23:04.965][Info] - [Tag=ApplicationWindowCache] Attached to application Selector=[<wnd app='uipath.studio.exe' cls='HwndWrapper*' title='*POC*' />], BrowserType=None, AutoRecovery=True, PID=896
[2024-02-28T22:23:05.498][Info] - [Tag=ApplicationWindowCache] GetAttachableWindows returned 1 attachable windows
[2024-02-28T22:23:05.898][Info] - [Tag=ApplicationWindowCache] GetAttachableWindows returned 1 attachable windows
[2024-02-28T22:23:06.640][Info] - [Tag=ApplicationWindowCache] Attached to application Selector=[<wnd app='uipath.studio.exe' cls='HwndWrapper*' title='*POC*' />], BrowserType=None, AutoRecovery=True, PID=896
[2024-02-28T22:23:07.193][Info] - [Tag=ApplicationWindowCache] GetAttachableWindows returned 1 attachable windows
[2024-02-28T22:23:07.948][Info] - [Tag=ApplicationWindowCache] Attached to application Selector=[<wnd app='uipath.studio.exe' cls='HwndWrapper*' title='*POC*' />], BrowserType=None, AutoRecovery=True, PID=896
[2024-02-28T22:23:08.474][Info] - [Tag=ApplicationWindowCache] GetAttachableWindows returned 1 attachable windows
[2024-02-28T22:23:09.217][Info] - [Tag=ApplicationWindowCache] Attached to application Selector=[<wnd app='uipath.studio.exe' cls='HwndWrapper*' title='*POC*' />], BrowserType=None, AutoRecovery=True, PID=896
[2024-02-28T22:23:09.738][Info] - [Tag=ApplicationWindowCache] GetAttachableWindows returned 1 attachable windows
[2024-02-28T22:23:10.178][Info] - [Tag=ApplicationWindowCache] GetAttachableWindows returned 1 attachable windows
[2024-02-28T22:23:10.938][Info] - [Tag=ApplicationWindowCache] Attached to application Selector=[<wnd app='uipath.studio.exe' cls='HwndWrapper*' title='*POC*' />], BrowserType=None, AutoRecovery=True, PID=896
[2024-02-28T22:23:11.470][Info] - [Tag=ApplicationWindowCache] GetAttachableWindows returned 1 attachable windows
[2024-02-28T22:23:12.234][Info] - [Tag=ApplicationWindowCache] Attached to application Selector=[<wnd app='uipath.studio.exe' cls='HwndWrapper*' title='*POC*' />], BrowserType=None, AutoRecovery=True, PID=896
[2024-02-28T22:23:12.787][Info] - [Tag=ApplicationWindowCache] GetAttachableWindows returned 1 attachable windows
[2024-02-28T22:23:13.913][Info] - [Tag=ApplicationWindowCache] Attached to application Selector=[<wnd app='uipath.studio.exe' cls='HwndWrapper*' title='*POC*' />], BrowserType=None, AutoRecovery=True, PID=896
[2024-02-28T22:23:14.437][Info] - [Tag=ApplicationWindowCache] GetAttachableWindows returned 1 attachable windows
[2024-02-28T22:23:14.520][Info] - [Tag=ApplicationWindowCache] Attached to application Selector=[<wnd app='uipath.studio.exe' cls='HwndWrapper*' title='*POC*' />], BrowserType=None, AutoRecovery=True, PID=896
[2024-02-28T22:23:15.045][Info] - [Tag=ApplicationWindowCache] GetAttachableWindows returned 1 attachable windows
[2024-02-28T22:23:16.175][Info] - [Tag=ApplicationWindowCache] Attached to application Selector=[<wnd app='uipath.studio.exe' cls='HwndWrapper*' title='*POC*' />], BrowserType=None, AutoRecovery=True, PID=896
[2024-02-28T22:23:16.708][Info] - [Tag=ApplicationWindowCache] GetAttachableWindows returned 1 attachable windows
[2024-02-28T22:23:17.101][Info] - [Tag=ApplicationWindowCache] GetAttachableWindows returned 1 attachable windows
[2024-02-28T22:23:18.134][Info] - [Tag=ApplicationWindowCache] Attached to application Selector=[<wnd app='uipath.studio.exe' cls='HwndWrapper*' title='*POC*' />], BrowserType=None, AutoRecovery=True, PID=896
[2024-02-28T22:23:18.659][Info] - [Tag=ApplicationWindowCache] GetAttachableWindows returned 1 attachable windows
[2024-02-28T22:23:19.723][Info] - [Tag=ApplicationWindowCache] Attached to application Selector=[<wnd app='uipath.studio.exe' cls='HwndWrapper*' title='*POC*' />], BrowserType=None, AutoRecovery=True, PID=896
[2024-02-28T22:23:20.259][Info] - [Tag=ApplicationWindowCache] GetAttachableWindows returned 1 attachable windows
[2024-02-28T22:23:21.148][Info] - [Tag=ApplicationWindowCache] Attached to application Selector=[<wnd app='uipath.studio.exe' cls='HwndWrapper*' title='*POC*' />], BrowserType=None, AutoRecovery=True, PID=896
[2024-02-28T22:23:21.672][Info] - [Tag=ApplicationWindowCache] GetAttachableWindows returned 1 attachable windows
[2024-02-28T22:23:22.080][Info] - [Tag=ApplicationWindowCache] GetAttachableWindows returned 1 attachable windows
[2024-02-28T22:23:22.884][Info] - [Tag=ApplicationWindowCache] Attached to application Selector=[<wnd app='uipath.studio.exe' cls='HwndWrapper*' title='*POC*' />], BrowserType=None, AutoRecovery=True, PID=896
[2024-02-28T22:23:23.076][Info] - [Tag=ApplicationWindowCache] Attached to application Selector=[<wnd app='uipath.studio.exe' cls='HwndWrapper*' title='*POC*' />], BrowserType=None, AutoRecovery=True, PID=896
[2024-02-28T22:23:23.624][Info] - [Tag=ApplicationWindowCache] GetAttachableWindows returned 1 attachable windows
[2024-02-28T22:23:24.513][Info] - [Tag=ApplicationWindowCache] GetAttachableWindows returned 1 attachable windows
[2024-02-28T22:23:25.407][Info] - [Tag=ApplicationWindowCache] Attached to application Selector=[<wnd app='uipath.studio.exe' cls='HwndWrapper*' title='*POC*' />], BrowserType=None, AutoRecovery=True, PID=896
[2024-02-28T22:23:25.987][Info] - [Tag=ApplicationWindowCache] GetAttachableWindows returned 1 attachable windows
[2024-02-28T22:23:26.411][Info] - [Tag=ApplicationWindowCache] Attached to application Selector=[<wnd app='uipath.studio.exe' cls='HwndWrapper*' title='*POC*' />], BrowserType=None, AutoRecovery=True, PID=896
[2024-02-28T22:23:26.967][Info] - [Tag=ApplicationWindowCache] GetAttachableWindows returned 1 attachable windows
[2024-02-28T22:23:27.573][Info] - [Tag=ApplicationWindowCache] Attached to application Selector=[<wnd app='uipath.studio.exe' cls='HwndWrapper*' title='*POC*' />], BrowserType=None, AutoRecovery=True, PID=896
[2024-02-28T22:23:28.138][Info] - [Tag=ApplicationWindowCache] GetAttachableWindows returned 1 attachable windows
[2024-02-28T22:23:29.247][Info] - [Tag=ApplicationWindowCache] Attached to application Selector=[<wnd app='uipath.studio.exe' cls='HwndWrapper*' title='*POC*' />], BrowserType=None, AutoRecovery=True, PID=896
[2024-02-28T22:23:29.769][Info] - [Tag=ApplicationWindowCache] GetAttachableWindows returned 1 attachable windows
[2024-02-28T22:23:30.193][Info] - [Tag=ApplicationWindowCache] GetAttachableWindows returned 1 attachable windows
[2024-02-28T22:23:31.030][Info] - [Tag=ApplicationWindowCache] Attached to application Selector=[<wnd app='uipath.studio.exe' cls='HwndWrapper*' title='*POC*' />], BrowserType=None, AutoRecovery=True, PID=896
[2024-02-28T22:23:31.219][Info] - [Tag=ApplicationWindowCache] Attached to application Selector=[<wnd app='uipath.studio.exe' cls='HwndWrapper*' title='*POC*' />], BrowserType=None, AutoRecovery=True, PID=896
[2024-02-28T22:23:31.748][Info] - [Tag=ApplicationWindowCache] GetAttachableWindows returned 1 attachable windows
[2024-02-28T22:23:32.493][Info] - [Tag=ApplicationWindowCache] GetAttachableWindows returned 1 attachable windows
[2024-02-28T22:23:33.736][Info] - [Tag=ApplicationWindowCache] Attached to application Selector=[<wnd app='uipath.studio.exe' cls='HwndWrapper*' title='*POC*' />], BrowserType=None, AutoRecovery=True, PID=896
[2024-02-28T22:23:34.326][Info] - [Tag=ApplicationWindowCache] GetAttachableWindows returned 1 attachable windows
[2024-02-28T22:23:34.743][Info] - [Tag=ApplicationWindowCache] Attached to application Selector=[<wnd app='uipath.studio.exe' cls='HwndWrapper*' title='*POC*' />], BrowserType=None, AutoRecovery=True, PID=896
[2024-02-28T22:23:35.302][Info] - [Tag=ApplicationWindowCache] GetAttachableWindows returned 1 attachable windows
[2024-02-28T22:23:36.136][Info] - [Tag=ApplicationWindowCache] Attached to application Selector=[<wnd app='uipath.studio.exe' cls='HwndWrapper*' title='*POC*' />], BrowserType=None, AutoRecovery=True, PID=896
[2024-02-28T22:23:36.703][Info] - [Tag=ApplicationWindowCache] GetAttachableWindows returned 1 attachable windows
[2024-02-28T22:23:37.968][Info] - [Tag=ApplicationWindowCache] Attached to application Selector=[<wnd app='uipath.studio.exe' cls='HwndWrapper*' title='*POC*' />], BrowserType=None, AutoRecovery=True, PID=896
[2024-02-28T22:23:38.499][Info] - [Tag=ApplicationWindowCache] GetAttachableWindows returned 1 attachable windows
[2024-02-28T22:23:38.911][Info] - [Tag=ApplicationWindowCache] GetAttachableWindows returned 1 attachable windows
[2024-02-28T22:23:39.680][Info] - [Tag=ApplicationWindowCache] Attached to application Selector=[<wnd app='uipath.studio.exe' cls='HwndWrapper*' title='*POC*' />], BrowserType=None, AutoRecovery=True, PID=896
[2024-02-28T22:23:40.194][Info] - [Tag=ApplicationWindowCache] GetAttachableWindows returned 1 attachable windows
[2024-02-28T22:23:41.029][Info] - [Tag=ApplicationWindowCache] Attached to application Selector=[<wnd app='uipath.studio.exe' cls='HwndWrapper*' title='*POC*' />], BrowserType=None, AutoRecovery=True, PID=896
[2024-02-28T22:23:41.555][Info] - [Tag=ApplicationWindowCache] GetAttachableWindows returned 1 attachable windows
[2024-02-28T22:23:41.954][Info] - [Tag=ApplicationWindowCache] GetAttachableWindows returned 1 attachable windows
[2024-02-28T22:23:42.720][Info] - [Tag=ApplicationWindowCache] Attached to application Selector=[<wnd app='uipath.studio.exe' cls='HwndWrapper*' title='*POC*' />], BrowserType=None, AutoRecovery=True, PID=896
[2024-02-28T22:23:43.256][Info] - [Tag=ApplicationWindowCache] GetAttachableWindows returned 1 attachable windows
[2024-02-28T22:23:44.058][Info] - [Tag=ApplicationWindowCache] Attached to application Selector=[<wnd app='uipath.studio.exe' cls='HwndWrapper*' title='*POC*' />], BrowserType=None, AutoRecovery=True, PID=896
[2024-02-28T22:23:44.577][Info] - [Tag=ApplicationWindowCache] GetAttachableWindows returned 1 attachable windows
[2024-02-28T22:23:44.627][Info] - [Tag=ApplicationWindowCache] Attached to application Selector=[<wnd app='uipath.studio.exe' cls='HwndWrapper*' title='*POC*' />], BrowserType=None, AutoRecovery=True, PID=896
[2024-02-28T22:23:45.152][Info] - [Tag=ApplicationWindowCache] GetAttachableWindows returned 1 attachable windows
[2024-02-28T22:23:45.931][Info] - [Tag=ApplicationWindowCache] Attached to application Selector=[<wnd app='uipath.studio.exe' cls='HwndWrapper*' title='*POC*' />], BrowserType=None, AutoRecovery=True, PID=896
[2024-02-28T22:23:46.588][Info] - [Tag=ApplicationWindowCache] GetAttachableWindows returned 1 attachable windows
[2024-02-28T22:23:47.890][Info] - [Tag=ApplicationWindowCache] GetAttachableWindows returned 1 attachable windows
[2024-02-28T22:23:48.335][Info] - [Tag=ApplicationWindowCache] GetAttachableWindows returned 1 attachable windows
[2024-02-28T22:23:48.698][Info] - [Tag=ApplicationWindowCache] Attached to application Selector=[<wnd app='uipath.studio.exe' cls='HwndWrapper*' title='*POC*' />], BrowserType=None, AutoRecovery=True, PID=896
[2024-02-28T22:23:49.268][Info] - [Tag=ApplicationWindowCache] GetAttachableWindows returned 1 attachable windows
[2024-02-28T22:23:49.674][Info] - [Tag=ApplicationWindowCache] GetAttachableWindows returned 1 attachable windows
[2024-02-28T22:23:50.478][Info] - [Tag=ApplicationWindowCache] Attached to application Selector=[<wnd app='uipath.studio.exe' cls='HwndWrapper*' title='*POC*' />], BrowserType=None, AutoRecovery=True, PID=896
[2024-02-28T22:23:51.036][Info] - [Tag=ApplicationWindowCache] GetAttachableWindows returned 1 attachable windows
